IlluminaHumanMethylation450kmanifest     NOT FOUND
RNAseqData.HeLa.bam.chr14                origin/RELEASE_2_13            data-experiment.txt
RNASeqDataSubset                         origin/RELEASE_2_11            data-experiment.txt
CopyNumber450kData                       origin/RELEASE_3_5             data-experiment.txt
encoDnaseI                               origin/RELEASE_3_4             data-experiment.txt
ind1KG                                   origin/RELEASE_3_3             data-experiment.txt
parathyroid                              origin/RELEASE_2_14            data-experiment.txt
ggtut                                    origin/RELEASE_3_4             data-experiment.txt
geuvStore                                origin/RELEASE_3_3             data-experiment.txt
DASiR                                    origin/RELEASE_3_3             software.txt
spade                                    origin/RELEASE_3_3             software.txt
goCluster                                origin/RELEASE_1_8             software.txt
KEGGSOAP                                 origin/RELEASE_2_12            software.txt
Ruuid                                    origin/RELEASE_2_8             software.txt
gff3Plotter                              origin/RELEASE_1_9             software.txt
mscalib                                  origin/RELEASE_1_6             software.txt
iSNetwork                                origin/RELEASE_2_1             software.txt
AnnBuilder                               origin/RELEASE_2_3             software.txt
cosmo                                    origin/RELEASE_2_11            software.txt
gene2pathway                             origin/RELEASE_2_11            software.txt
Resourcerer                              origin/RELEASE_2_14            software.txt
GeneGroupAnalysis                        origin/RELEASE_2_12            software.txt
inSilicoDb                               origin/RELEASE_3_3             software.txt
cellHTS                                  origin/RELEASE_3_3             software.txt
SomatiCA                                 origin/RELEASE_3_3             software.txt
mmnet                                    origin/RELEASE_3_5             software.txt
simulatorAPMS                            origin/RELEASE_2_8             software.txt
jmosaics                                 origin/RELEASE_3_3             software.txt
mmgmos                                   origin/RELEASE_1_9             software.txt
stam                                     origin/RELEASE_2_4             software.txt
rflowcyt                                 origin/RELEASE_2_8             software.txt
iFlow                                    origin/RELEASE_2_12            software.txt
GenomeBase                               origin/RELEASE_1_8             software.txt
MMDiff                                   origin/RELEASE_3_3             software.txt
matchprobes                              origin/RELEASE_2_6             software.txt
inSilicoMerging                          origin/RELEASE_3_3             software.txt
fbat                                     origin/RELEASE_2_6             software.txt
ChromoViz                                origin/RELEASE_2_1             software.txt
DAVIDQuery                               origin/RELEASE_3_3             software.txt
applera                                  origin/RELEASE_1_9             software.txt
keggorth                                 origin/RELEASE_2_5             software.txt
vasp                                     origin/RELEASE_3_11            software.txt
edd                                      origin/RELEASE_2_9             software.txt
SAGElyzer                                origin/RELEASE_2_1             software.txt
pamr                                     origin/RELEASE_2_8             software.txt
Rredland                                 origin/RELEASE_2_8             software.txt
SJava                                    origin/RELEASE_3_3             software.txt
sbgr                                     origin/RELEASE_3_2             software.txt
GENE.E                                   origin/RELEASE_3_5             software.txt
RTools4TB                                origin/RELEASE_2_9             software.txt
Rolexa                                   origin/RELEASE_3_3             software.txt
Rdbi                                     origin/RELEASE_2_8             software.txt
RSNPper                                  origin/RELEASE_2_3             software.txt
RdbiPgSQL                                origin/RELEASE_2_8             software.txt
spade                                    origin/RELEASE_3_3             software.txt
AffyTiling                               origin/RELEASE_3_3             software.txt
GeneTS                                   origin/RELEASE_2_1             software.txt
externalVector                           origin/RELEASE_2_12            software.txt
maDB                                     origin/RELEASE_2_13            software.txt
BeadExplorer                             origin/RELEASE_2_1             software.txt
COPDSexualDimorphism                     origin/RELEASE_3_0             software.txt
DNaseR                                   origin/RELEASE_3_0             software.txt
GeneRfold                                origin/RELEASE_2_9             software.txt
bim                                      origin/RELEASE_2_0             software.txt
PatientGeneSets                          origin/RELEASE_2_10            software.txt
GEOsearch                                origin/RELEASE_3_5             software.txt
y2hStat                                  origin/RELEASE_1_8             software.txt
SemSim                                   origin/RELEASE_2_2             software.txt
metaX                                    origin/RELEASE_3_3             software.txt
rfcdmin                                  origin/RELEASE_1_8             software.txt
hexbin                                   origin/RELEASE_2_8             software.txt
betr                                     origin/RELEASE_3_4             software.txt
AtlasRDF                                 origin/RELEASE_3_5             software.txt
ideogram                                 origin/RELEASE_1_7             software.txt
CopyNumber450k                           origin/RELEASE_3_5             software.txt
widgetInvoke                             origin/RELEASE_2_2             software.txt
GeneTraffic                              origin/RELEASE_2_8             software.txt
RWebServices                             origin/RELEASE_3_3             software.txt
arrayQCplot                              origin/RELEASE_2_0             software.txt
virtualArray                             origin/RELEASE_2_14            software.txt
xmapcore                                 origin/RELEASE_2_12            software.txt
coRNAi                                   origin/RELEASE_3_5             software.txt
pdmclass                                 origin/RELEASE_3_5             software.txt
saps                                     origin/RELEASE_3_5             software.txt
exprExternal                             origin/RELEASE_1_8             software.txt
RMAGEML                                  origin/RELEASE_2_9             software.txt
MeSHSim                                  origin/RELEASE_3_5             software.txt
RMAPPER                                  origin/RELEASE_2_14            software.txt
GeneSpring                               origin/RELEASE_2_8             software.txt
GeneR                                    origin/RELEASE_2_9             software.txt
msbase                                   origin/RELEASE_1_7             software.txt
biocDatasets                             origin/RELEASE_2_7             software.txt
GeneticsBase                             origin/RELEASE_2_6             software.txt
GenoView                                 origin/RELEASE_3_3             software.txt
flowPhyto                                origin/RELEASE_2_14            software.txt
makePlatformDesign                       origin/RELEASE_2_8             software.txt
Agi4x44PreProcess                        origin/RELEASE_2_13            software.txt
asmn                                     origin/RELEASE_3_0             software.txt
arrayMagic                               origin/RELEASE_2_1             software.txt
pgUtils                                  origin/RELEASE_2_13            software.txt
neaGUI                                   origin/RELEASE_3_3             software.txt
cosmoGUI                                 origin/RELEASE_2_11            software.txt
flowFlowJo                               origin/RELEASE_3_0             software.txt
pairseqsim                               origin/RELEASE_1_9             software.txt
exonmap                                  origin/RELEASE_2_7             software.txt
snpMatrix                                origin/RELEASE_2_8             software.txt
iSPlot                                   origin/RELEASE_2_1             software.txt
ontoTools                                origin/RELEASE_2_9             software.txt
reposTools                               origin/RELEASE_1_8             software.txt
Rintact                                  origin/RELEASE_2_4             software.txt
